[2026-02-04 19:44:49] start years=2005..2025 months=[1, 2, 3, 4, 5, 6, 7, 8, 9, 10, 11, 12] max_depth=4
[2026-02-04 19:44:49] connected host=ftp.pride.ebi.ac.uk base=/pride/data/archive
[2026-02-04 19:44:49] count_year_start 2005
[2026-02-04 19:44:50] list_dir_error path=/pride/data/archive/2005/01 attempt=1 err=error_perm('550 Failed to change directory.')
[2026-02-04 19:44:50] connected host=ftp.pride.ebi.ac.uk base=/pride/data/archive
[2026-02-04 19:44:52] list_dir_error path=/pride/data/archive/2005/01 attempt=2 err=error_perm('550 Failed to change directory.')
[2026-02-04 19:44:53] connected host=ftp.pride.ebi.ac.uk base=/pride/data/archive
[2026-02-04 19:44:53] list_dir_error path=/pride/data/archive/2005/02 attempt=1 err=error_perm('550 Failed to change directory.')
[2026-02-04 19:44:54] connected host=ftp.pride.ebi.ac.uk base=/pride/data/archive
[2026-02-04 19:44:56] list_dir_error path=/pride/data/archive/2005/02 attempt=2 err=error_perm('550 Failed to change directory.')
[2026-02-04 19:44:56] connected host=ftp.pride.ebi.ac.uk base=/pride/data/archive
[2026-02-04 19:44:58] list_dir_error path=/pride/data/archive/2005/03 attempt=1 err=error_perm('550 Failed to change directory.')
[2026-02-04 19:44:58] connected host=ftp.pride.ebi.ac.uk base=/pride/data/archive
[2026-02-04 19:45:00] list_dir_error path=/pride/data/archive/2005/03 attempt=2 err=error_perm('550 Failed to change directory.')
[2026-02-04 19:45:01] connected host=ftp.pride.ebi.ac.uk base=/pride/data/archive
[2026-02-04 19:45:01] list_dir_error path=/pride/data/archive/2005/04 attempt=1 err=error_perm('550 Failed to change directory.')
[2026-02-04 19:45:02] connected host=ftp.pride.ebi.ac.uk base=/pride/data/archive
[2026-02-04 19:45:03] list_dir_error path=/pride/data/archive/2005/04 attempt=2 err=error_perm('550 Failed to change directory.')
[2026-02-04 19:45:04] connected host=ftp.pride.ebi.ac.uk base=/pride/data/archive
[2026-02-04 19:45:04] list_dir_error path=/pride/data/archive/2005/05 attempt=1 err=error_perm('550 Failed to change directory.')
[2026-02-04 19:45:05] connected host=ftp.pride.ebi.ac.uk base=/pride/data/archive
[2026-02-04 19:45:07] list_dir_error path=/pride/data/archive/2005/05 attempt=2 err=error_perm('550 Failed to change directory.')
[2026-02-04 19:45:07] connected host=ftp.pride.ebi.ac.uk base=/pride/data/archive
[2026-02-04 19:45:08] list_dir_error path=/pride/data/archive/2005/06 attempt=1 err=error_perm('550 Failed to change directory.')
[2026-02-04 19:45:09] connected host=ftp.pride.ebi.ac.uk base=/pride/data/archive
[2026-02-04 19:45:11] list_dir_error path=/pride/data/archive/2005/06 attempt=2 err=error_perm('550 Failed to change directory.')
[2026-02-04 19:45:12] connected host=ftp.pride.ebi.ac.uk base=/pride/data/archive
[2026-02-04 19:45:13] list_dir_error path=/pride/data/archive/2005/07 attempt=1 err=error_perm('550 Failed to change directory.')
[2026-02-04 19:45:14] connected host=ftp.pride.ebi.ac.uk base=/pride/data/archive
[2026-02-04 19:45:16] list_dir_error path=/pride/data/archive/2005/07 attempt=2 err=error_perm('550 Failed to change directory.')
[2026-02-04 19:45:16] connected host=ftp.pride.ebi.ac.uk base=/pride/data/archive
[2026-02-04 19:45:17] year_month 2005-08 projects=4
[2026-02-04 19:45:28] list_dir_error path=/pride/data/archive/2005/09 attempt=1 err=error_perm('550 Failed to change directory.')
[2026-02-04 19:45:29] connected host=ftp.pride.ebi.ac.uk base=/pride/data/archive
[2026-02-04 19:45:30] list_dir_error path=/pride/data/archive/2005/09 attempt=2 err=error_perm('550 Failed to change directory.')
[2026-02-04 19:45:31] connected host=ftp.pride.ebi.ac.uk base=/pride/data/archive
[2026-02-04 19:45:31] list_dir_error path=/pride/data/archive/2005/10 attempt=1 err=error_perm('550 Failed to change directory.')
[2026-02-04 19:45:35] connected host=ftp.pride.ebi.ac.uk base=/pride/data/archive
[2026-02-04 19:45:37] list_dir_error path=/pride/data/archive/2005/10 attempt=2 err=error_perm('550 Failed to change directory.')
[2026-02-04 19:45:38] connected host=ftp.pride.ebi.ac.uk base=/pride/data/archive
[2026-02-04 19:45:39] list_dir_error path=/pride/data/archive/2005/11 attempt=1 err=error_perm('550 Failed to change directory.')
[2026-02-04 19:45:39] connected host=ftp.pride.ebi.ac.uk base=/pride/data/archive
[2026-02-04 19:45:41] list_dir_error path=/pride/data/archive/2005/11 attempt=2 err=error_perm('550 Failed to change directory.')
[2026-02-04 19:45:41] connected host=ftp.pride.ebi.ac.uk base=/pride/data/archive
[2026-02-04 19:45:42] year_month 2005-12 projects=2
[2026-02-04 19:45:45] count_year_done 2005 totals=9
[2026-02-04 19:45:45] count_year_start 2006
[2026-02-04 19:45:46] year_month 2006-01 projects=2
[2026-02-04 19:45:50] year_month 2006-02 projects=3
[2026-02-04 19:45:56] list_dir_error path=/pride/data/archive/2006/03 attempt=1 err=error_perm('550 Failed to change directory.')
[2026-02-04 19:45:56] connected host=ftp.pride.ebi.ac.uk base=/pride/data/archive
[2026-02-04 19:45:58] list_dir_error path=/pride/data/archive/2006/03 attempt=2 err=error_perm('550 Failed to change directory.')
[2026-02-04 19:45:58] connected host=ftp.pride.ebi.ac.uk base=/pride/data/archive
[2026-02-04 19:45:59] year_month 2006-04 projects=2
[2026-02-04 19:46:05] year_month 2006-05 projects=1
[2026-02-04 19:46:08] year_month 2006-06 projects=1
[2026-02-04 19:46:11] year_month 2006-07 projects=1
[2026-02-04 19:46:13] list_dir_error path=/pride/data/archive/2006/08 attempt=1 err=error_perm('550 Failed to change directory.')
[2026-02-04 19:46:14] connected host=ftp.pride.ebi.ac.uk base=/pride/data/archive
[2026-02-04 19:46:16] list_dir_error path=/pride/data/archive/2006/08 attempt=2 err=error_perm('550 Failed to change directory.')
[2026-02-04 19:46:16] connected host=ftp.pride.ebi.ac.uk base=/pride/data/archive
[2026-02-04 19:46:16] list_dir_error path=/pride/data/archive/2006/09 attempt=1 err=error_perm('550 Failed to change directory.')
[2026-02-04 19:46:17] connected host=ftp.pride.ebi.ac.uk base=/pride/data/archive
[2026-02-04 19:46:19] list_dir_error path=/pride/data/archive/2006/09 attempt=2 err=error_perm('550 Failed to change directory.')
[2026-02-04 19:46:20] connected host=ftp.pride.ebi.ac.uk base=/pride/data/archive
[2026-02-04 19:46:21] year_month 2006-10 projects=1
[2026-02-04 19:46:24] year_month 2006-11 projects=1
[2026-02-04 19:46:28] list_dir_error path=/pride/data/archive/2006/12 attempt=1 err=error_perm('550 Failed to change directory.')
[2026-02-04 19:46:28] connected host=ftp.pride.ebi.ac.uk base=/pride/data/archive
[2026-02-04 19:46:30] list_dir_error path=/pride/data/archive/2006/12 attempt=2 err=error_perm('550 Failed to change directory.')
[2026-02-04 19:46:34] connected host=ftp.pride.ebi.ac.uk base=/pride/data/archive
[2026-02-04 19:46:34] count_year_done 2006 totals=87
[2026-02-04 19:46:34] count_year_start 2007
[2026-02-04 19:46:35] list_dir_error path=/pride/data/archive/2007/01 attempt=1 err=error_perm('550 Failed to change directory.')
[2026-02-04 19:46:35] connected host=ftp.pride.ebi.ac.uk base=/pride/data/archive
[2026-02-04 19:46:37] list_dir_error path=/pride/data/archive/2007/01 attempt=2 err=error_perm('550 Failed to change directory.')
[2026-02-04 19:46:37] connected host=ftp.pride.ebi.ac.uk base=/pride/data/archive
[2026-02-04 19:46:39] year_month 2007-02 projects=1
[2026-02-04 19:46:44] year_month 2007-03 projects=2
[2026-02-04 19:46:55] year_month 2007-04 projects=1
[2026-02-04 19:47:02] year_month 2007-05 projects=6
[2026-02-04 19:47:20] list_dir_error path=/pride/data/archive/2007/06 attempt=1 err=error_perm('550 Failed to change directory.')
[2026-02-04 19:47:21] connected host=ftp.pride.ebi.ac.uk base=/pride/data/archive
[2026-02-04 19:47:23] list_dir_error path=/pride/data/archive/2007/06 attempt=2 err=error_perm('550 Failed to change directory.')
[2026-02-04 19:47:24] connected host=ftp.pride.ebi.ac.uk base=/pride/data/archive
[2026-02-04 19:47:25] year_month 2007-07 projects=2
[2026-02-04 19:47:34] year_month 2007-08 projects=1
[2026-02-04 19:47:41] year_month 2007-09 projects=1
[2026-02-04 19:47:48] year_month 2007-10 projects=1
[2026-02-04 19:47:51] year_month 2007-11 projects=2
[2026-02-04 19:47:58] list_dir_error path=/pride/data/archive/2007/12 attempt=1 err=error_perm('550 Failed to change directory.')
[2026-02-04 19:47:59] connected host=ftp.pride.ebi.ac.uk base=/pride/data/archive
[2026-02-04 19:48:00] list_dir_error path=/pride/data/archive/2007/12 attempt=2 err=error_perm('550 Failed to change directory.')
[2026-02-04 19:48:00] connected host=ftp.pride.ebi.ac.uk base=/pride/data/archive
[2026-02-04 19:48:00] count_year_done 2007 totals=957
[2026-02-04 19:48:00] count_year_start 2008
[2026-02-04 19:48:01] list_dir_error path=/pride/data/archive/2008/01 attempt=1 err=error_perm('550 Failed to change directory.')
[2026-02-04 19:48:02] connected host=ftp.pride.ebi.ac.uk base=/pride/data/archive
[2026-02-04 19:48:03] list_dir_error path=/pride/data/archive/2008/01 attempt=2 err=error_perm('550 Failed to change directory.')
[2026-02-04 19:48:04] connected host=ftp.pride.ebi.ac.uk base=/pride/data/archive
[2026-02-04 19:48:05] year_month 2008-02 projects=2
[2026-02-04 19:48:10] year_month 2008-03 projects=2
[2026-02-04 19:48:14] year_month 2008-04 projects=1
[2026-02-04 19:48:17] year_month 2008-05 projects=5
[2026-02-04 19:48:26] year_month 2008-06 projects=2
[2026-02-04 19:48:33] year_month 2008-07 projects=3
[2026-02-04 19:48:41] year_month 2008-08 projects=2
[2026-02-04 19:48:44] year_month 2008-09 projects=1
[2026-02-04 19:48:47] year_month 2008-10 projects=1
[2026-02-04 19:48:51] list_dir_error path=/pride/data/archive/2008/11 attempt=1 err=error_perm('550 Failed to change directory.')
[2026-02-04 19:48:52] connected host=ftp.pride.ebi.ac.uk base=/pride/data/archive
[2026-02-04 19:48:53] list_dir_error path=/pride/data/archive/2008/11 attempt=2 err=error_perm('550 Failed to change directory.')
[2026-02-04 19:48:58] connected host=ftp.pride.ebi.ac.uk base=/pride/data/archive
[2026-02-04 19:49:00] year_month 2008-12 projects=3
[2026-02-04 19:49:09] count_year_done 2008 totals=799
[2026-02-04 19:49:09] count_year_start 2009
[2026-02-04 19:49:10] list_dir_error path=/pride/data/archive/2009/01 attempt=1 err=error_perm('550 Failed to change directory.')
[2026-02-04 19:49:11] connected host=ftp.pride.ebi.ac.uk base=/pride/data/archive
[2026-02-04 19:49:13] list_dir_error path=/pride/data/archive/2009/01 attempt=2 err=error_perm('550 Failed to change directory.')
[2026-02-04 19:49:14] connected host=ftp.pride.ebi.ac.uk base=/pride/data/archive
[2026-02-04 19:49:14] list_dir_error path=/pride/data/archive/2009/02 attempt=1 err=error_perm('550 Failed to change directory.')
[2026-02-04 19:49:15] connected host=ftp.pride.ebi.ac.uk base=/pride/data/archive
[2026-02-04 19:49:16] list_dir_error path=/pride/data/archive/2009/02 attempt=2 err=error_perm('550 Failed to change directory.')
[2026-02-04 19:49:17] connected host=ftp.pride.ebi.ac.uk base=/pride/data/archive
[2026-02-04 19:49:19] year_month 2009-03 projects=2
[2026-02-04 19:49:25] year_month 2009-04 projects=2
[2026-02-04 19:49:32] year_month 2009-05 projects=7
[2026-02-04 19:49:57] year_month 2009-06 projects=3
[2026-02-04 19:50:29] year_month 2009-07 projects=12
[2026-02-04 19:51:09] year_month 2009-08 projects=3
[2026-02-04 19:51:18] list_dir_error path=/pride/data/archive/2009/09 attempt=1 err=error_perm('550 Failed to change directory.')
[2026-02-04 19:51:18] connected host=ftp.pride.ebi.ac.uk base=/pride/data/archive
[2026-02-04 19:51:20] list_dir_error path=/pride/data/archive/2009/09 attempt=2 err=error_perm('550 Failed to change directory.')
[2026-02-04 19:51:21] connected host=ftp.pride.ebi.ac.uk base=/pride/data/archive
[2026-02-04 19:51:21] list_dir_error path=/pride/data/archive/2009/10 attempt=1 err=error_perm('550 Failed to change directory.')
[2026-02-04 19:51:22] connected host=ftp.pride.ebi.ac.uk base=/pride/data/archive
[2026-02-04 19:51:24] list_dir_error path=/pride/data/archive/2009/10 attempt=2 err=error_perm('550 Failed to change directory.')
[2026-02-04 19:51:27] connected host=ftp.pride.ebi.ac.uk base=/pride/data/archive
[2026-02-04 19:51:28] list_dir_error path=/pride/data/archive/2009/11 attempt=1 err=error_perm('550 Failed to change directory.')
[2026-02-04 19:51:29] connected host=ftp.pride.ebi.ac.uk base=/pride/data/archive
[2026-02-04 19:51:30] list_dir_error path=/pride/data/archive/2009/11 attempt=2 err=error_perm('550 Failed to change directory.')
[2026-02-04 19:51:31] connected host=ftp.pride.ebi.ac.uk base=/pride/data/archive
[2026-02-04 19:51:32] year_month 2009-12 projects=23
[2026-02-04 19:52:17] count_year_done 2009 totals=4909
[2026-02-04 19:52:17] count_year_start 2010
[2026-02-04 19:52:18] year_month 2010-01 projects=15
[2026-02-04 19:52:51] year_month 2010-02 projects=2
[2026-02-04 19:52:56] year_month 2010-03 projects=1
[2026-02-04 19:53:00] year_month 2010-04 projects=15
[2026-02-04 19:53:33] year_month 2010-05 projects=6
[2026-02-04 19:53:48] year_month 2010-06 projects=4
[2026-02-04 19:53:59] year_month 2010-07 projects=7
[2026-02-04 19:54:16] year_month 2010-08 projects=7
[2026-02-04 19:54:36] year_month 2010-09 projects=3
[2026-02-04 19:54:43] year_month 2010-10 projects=7
[2026-02-04 19:54:57] year_month 2010-11 projects=2
[2026-02-04 19:55:02] year_month 2010-12 projects=10
[2026-02-04 19:55:20] count_year_done 2010 totals=1878
[2026-02-04 19:55:20] count_year_start 2011
[2026-02-04 19:55:21] year_month 2011-01 projects=5
[2026-02-04 19:55:32] year_month 2011-02 projects=3
[2026-02-04 19:55:39] year_month 2011-03 projects=17
[2026-02-04 19:56:14] year_month 2011-04 projects=12
[2026-02-04 19:56:41] year_month 2011-05 projects=16
[2026-02-04 19:57:19] year_month 2011-06 projects=4
[2026-02-04 19:57:28] year_month 2011-07 projects=8
[2026-02-04 19:57:47] year_month 2011-08 projects=14
[2026-02-04 19:58:14] year_month 2011-09 projects=14
[2026-02-04 19:58:45] year_month 2011-10 projects=9
[2026-02-04 19:59:08] year_month 2011-11 projects=5
[2026-02-04 19:59:20] year_month 2011-12 projects=5
[2026-02-04 19:59:30] count_year_done 2011 totals=2689
[2026-02-04 19:59:30] count_year_start 2012
[2026-02-04 19:59:31] year_month 2012-01 projects=17
[2026-02-04 20:00:10] year_month 2012-02 projects=7
[2026-02-04 20:00:24] year_month 2012-03 projects=15
[2026-02-04 20:00:56] year_month 2012-04 projects=5
[2026-02-04 20:01:07] year_month 2012-05 projects=17
[2026-02-04 20:01:42] year_month 2012-06 projects=7
[2026-02-04 20:01:54] year_month 2012-07 projects=73
[2026-02-04 20:04:05] year_month 2012-08 projects=10
[2026-02-04 20:04:26] year_month 2012-09 projects=6
[2026-02-04 20:04:37] year_month 2012-10 projects=10
[2026-02-04 20:04:54] year_month 2012-11 projects=4
[2026-02-04 20:05:00] year_month 2012-12 projects=14
[2026-02-04 20:05:24] count_year_done 2012 totals=5700
[2026-02-04 20:05:24] count_year_start 2013
[2026-02-04 20:05:25] year_month 2013-01 projects=11
[2026-02-04 20:05:44] year_month 2013-02 projects=16
[2026-02-04 20:06:11] year_month 2013-03 projects=11
[2026-02-04 20:06:36] year_month 2013-04 projects=12
[2026-02-04 20:06:59] year_month 2013-05 projects=14
[2026-02-04 20:07:18] year_month 2013-06 projects=26
[2026-02-04 20:07:58] year_month 2013-07 projects=29
[2026-02-04 20:08:38] year_month 2013-08 projects=26
[2026-02-04 20:09:24] year_month 2013-09 projects=23
[2026-02-04 20:10:00] year_month 2013-10 projects=35
[2026-02-04 20:11:05] year_month 2013-11 projects=28
[2026-02-04 20:11:42] year_month 2013-12 projects=26
[2026-02-04 20:12:13] count_year_done 2013 totals=40781
[2026-02-04 20:12:13] count_year_start 2014
[2026-02-04 20:12:14] year_month 2014-01 projects=35
[2026-02-04 20:12:55] year_month 2014-02 projects=18
[2026-02-04 20:13:19] year_month 2014-03 projects=26
[2026-02-04 20:13:59] year_month 2014-04 projects=52
[2026-02-04 20:15:15] year_month 2014-05 projects=36
[2026-02-04 20:16:02] year_month 2014-06 projects=30
[2026-02-04 20:16:41] year_month 2014-07 projects=54
[2026-02-04 20:18:03] year_month 2014-08 projects=65
[2026-02-04 20:19:37] year_month 2014-09 projects=49
[2026-02-04 20:20:48] year_month 2014-10 projects=40
[2026-02-04 20:21:43] year_month 2014-11 projects=41
[2026-02-04 20:22:56] year_month 2014-12 projects=37
[2026-02-04 20:23:46] count_year_done 2014 totals=56414
[2026-02-04 20:23:46] count_year_start 2015
[2026-02-04 20:23:47] year_month 2015-01 projects=51
[2026-02-04 20:24:57] year_month 2015-02 projects=34
[2026-02-04 20:25:47] year_month 2015-03 projects=50
[2026-02-04 20:27:20] year_month 2015-04 projects=58
[2026-02-04 20:29:03] year_month 2015-05 projects=51
[2026-02-04 20:30:38] year_month 2015-06 projects=68
[2026-02-04 20:32:35] year_month 2015-07 projects=110
[2026-02-04 20:35:41] year_month 2015-08 projects=84
[2026-02-04 20:37:50] year_month 2015-09 projects=80
[2026-02-04 20:39:59] year_month 2015-10 projects=77
[2026-02-04 20:41:51] year_month 2015-11 projects=78
[2026-02-04 20:43:52] year_month 2015-12 projects=55
[2026-02-04 20:45:20] count_year_done 2015 totals=90226
[2026-02-04 20:45:20] count_year_start 2016
[2026-02-04 20:45:21] year_month 2016-01 projects=84
[2026-02-04 20:47:08] year_month 2016-02 projects=92
[2026-02-04 20:49:39] year_month 2016-03 projects=72
[2026-02-04 20:51:48] year_month 2016-04 projects=119
[2026-02-04 20:55:02] year_month 2016-05 projects=105
[2026-02-04 20:57:44] year_month 2016-06 projects=121
[2026-02-04 21:00:54] year_month 2016-07 projects=133
[2026-02-04 21:04:07] year_month 2016-08 projects=120
[2026-02-04 21:07:11] year_month 2016-09 projects=90
[2026-02-04 21:09:29] year_month 2016-10 projects=73
[2026-02-04 21:11:27] year_month 2016-11 projects=19
[2026-02-04 21:11:57] year_month 2016-12 projects=181
[2026-02-04 21:15:43] count_year_done 2016 totals=100566
[2026-02-04 21:15:43] count_year_start 2017
[2026-02-04 21:15:44] year_month 2017-01 projects=130
[2026-02-04 21:18:27] year_month 2017-02 projects=118
[2026-02-04 21:21:02] year_month 2017-03 projects=101
[2026-02-04 21:23:18] year_month 2017-04 projects=87
[2026-02-04 21:25:17] year_month 2017-05 projects=97
[2026-02-04 21:28:09] year_month 2017-06 projects=94
[2026-02-04 21:30:30] year_month 2017-07 projects=123
[2026-02-04 21:34:11] year_month 2017-08 projects=119
[2026-02-04 21:37:10] year_month 2017-09 projects=107
[2026-02-04 21:39:48] year_month 2017-10 projects=115
[2026-02-04 21:42:38] year_month 2017-11 projects=124
[2026-02-04 21:45:54] year_month 2017-12 projects=103
[2026-02-04 21:48:45] count_year_done 2017 totals=133188
[2026-02-04 21:48:45] count_year_start 2018
[2026-02-04 21:48:46] year_month 2018-01 projects=139
[2026-02-04 21:52:03] year_month 2018-02 projects=105
[2026-02-04 21:54:11] year_month 2018-03 projects=128
[2026-02-04 21:56:27] year_month 2018-04 projects=130
[2026-02-04 21:58:59] year_month 2018-05 projects=147
[2026-02-04 22:01:27] year_month 2018-06 projects=161
[2026-02-04 22:04:20] year_month 2018-07 projects=210
[2026-02-04 22:08:34] year_month 2018-08 projects=154
[2026-02-04 22:12:06] year_month 2018-09 projects=132
[2026-02-04 22:14:34] year_month 2018-10 projects=553
[2026-02-04 22:24:34] year_month 2018-11 projects=201
[2026-02-04 22:28:00] year_month 2018-12 projects=117
[2026-02-04 22:29:58] count_year_done 2018 totals=186016
[2026-02-04 22:29:58] count_year_start 2019
[2026-02-04 22:29:59] year_month 2019-01 projects=214
[2026-02-04 22:33:21] year_month 2019-02 projects=192
[2026-02-04 22:36:16] year_month 2019-03 projects=208
[2026-02-04 22:39:19] year_month 2019-04 projects=169
[2026-02-04 22:42:02] year_month 2019-05 projects=186
[2026-02-04 22:45:07] year_month 2019-06 projects=169
[2026-02-04 22:47:47] year_month 2019-07 projects=208
[2026-02-04 22:51:10] year_month 2019-08 projects=173
[2026-02-04 22:53:43] year_month 2019-09 projects=192
[2026-02-04 22:56:27] year_month 2019-10 projects=229
[2026-02-04 22:59:53] year_month 2019-11 projects=483
[2026-02-04 23:05:07] year_month 2019-12 projects=129
[2026-02-04 23:06:17] count_year_done 2019 totals=212400
[2026-02-04 23:06:17] count_year_start 2020
[2026-02-04 23:06:17] year_month 2020-01 projects=284
[2026-02-04 23:08:41] year_month 2020-02 projects=173
[2026-02-04 23:10:07] year_month 2020-03 projects=237
[2026-02-04 23:11:55] year_month 2020-04 projects=226
[2026-02-04 23:13:33] year_month 2020-05 projects=447
[2026-02-04 23:16:25] year_month 2020-06 projects=253
[2026-02-04 23:18:03] year_month 2020-07 projects=267
[2026-02-04 23:19:44] year_month 2020-08 projects=201
[2026-02-04 23:20:59] year_month 2020-09 projects=235
[2026-02-04 23:22:20] year_month 2020-10 projects=232
[2026-02-04 23:23:40] year_month 2020-11 projects=241
[2026-02-04 23:25:06] year_month 2020-12 projects=210
[2026-02-04 23:26:19] count_year_done 2020 totals=211394
[2026-02-04 23:26:19] count_year_start 2021
[2026-02-04 23:26:19] year_month 2021-01 projects=273
[2026-02-04 23:27:57] year_month 2021-02 projects=252
[2026-02-04 23:29:29] year_month 2021-03 projects=291
[2026-02-04 23:31:10] year_month 2021-04 projects=297
[2026-02-04 23:32:54] year_month 2021-05 projects=276
[2026-02-04 23:34:29] year_month 2021-06 projects=279
[2026-02-04 23:36:03] year_month 2021-07 projects=322
[2026-02-04 23:37:52] year_month 2021-08 projects=259
[2026-02-04 23:39:22] year_month 2021-09 projects=975
[2026-02-04 23:44:55] year_month 2021-10 projects=114
[2026-02-04 23:45:33] year_month 2021-11 projects=475
[2026-02-04 23:48:22] year_month 2021-12 projects=195
[2026-02-04 23:49:28] count_year_done 2021 totals=251113
[2026-02-04 23:49:28] count_year_start 2022
[2026-02-04 23:49:29] year_month 2022-01 projects=216
[2026-02-04 23:50:41] year_month 2022-02 projects=1142
[2026-02-04 23:56:58] year_month 2022-03 projects=399
[2026-02-04 23:59:09] year_month 2022-04 projects=332
[2026-02-05 00:00:57] year_month 2022-05 projects=471
[2026-02-05 00:03:32] year_month 2022-06 projects=304
[2026-02-05 00:05:11] year_month 2022-07 projects=243
[2026-02-05 00:06:32] year_month 2022-08 projects=533
[2026-02-05 00:09:29] year_month 2022-09 projects=260
[2026-02-05 00:10:55] year_month 2022-10 projects=592
[2026-02-05 00:15:12] year_month 2022-11 projects=247
[2026-02-05 00:16:35] year_month 2022-12 projects=211
[2026-02-05 00:17:47] count_year_done 2022 totals=259957
[2026-02-05 00:17:47] count_year_start 2023
[2026-02-05 00:17:48] year_month 2023-01 projects=282
[2026-02-05 00:19:23] year_month 2023-02 projects=321
[2026-02-05 00:21:12] year_month 2023-03 projects=882
[2026-02-05 00:26:01] year_month 2023-04 projects=232
[2026-02-05 00:27:47] year_month 2023-05 projects=461
[2026-02-05 00:30:20] year_month 2023-06 projects=302
[2026-02-05 00:31:59] year_month 2023-07 projects=444
[2026-02-05 00:34:26] year_month 2023-08 projects=271
[2026-02-05 00:35:56] year_month 2023-09 projects=293
[2026-02-05 00:37:32] year_month 2023-10 projects=628
[2026-02-05 00:40:57] year_month 2023-11 projects=268
[2026-02-05 00:42:26] year_month 2023-12 projects=245
[2026-02-05 00:43:47] count_year_done 2023 totals=261631
[2026-02-05 00:43:47] count_year_start 2024
[2026-02-05 00:43:48] year_month 2024-01 projects=653
[2026-02-05 00:47:22] year_month 2024-02 projects=326
[2026-02-05 00:49:12] year_month 2024-03 projects=305
[2026-02-05 00:50:52] year_month 2024-04 projects=289
[2026-02-05 00:52:29] year_month 2024-05 projects=609
[2026-02-05 00:54:08] list_dir_error path=/pride/data/archive/2024/05/PXD037842 attempt=1 err=TimeoutError('timed out')
[2026-02-05 00:54:08] connected host=ftp.pride.ebi.ac.uk base=/pride/data/archive
[2026-02-05 00:56:58] year_month 2024-06 projects=441
[2026-02-05 00:59:31] year_month 2024-07 projects=353
[2026-02-05 01:01:32] year_month 2024-08 projects=420
[2026-02-05 01:03:55] year_month 2024-09 projects=276
[2026-02-05 01:05:29] year_month 2024-10 projects=487
[2026-02-05 01:08:16] year_month 2024-11 projects=298
[2026-02-05 01:09:58] year_month 2024-12 projects=262
[2026-02-05 01:11:29] count_year_done 2024 totals=260651
[2026-02-05 01:11:29] count_year_start 2025
[2026-02-05 01:11:30] year_month 2025-01 projects=365
[2026-02-05 01:13:39] year_month 2025-02 projects=348
[2026-02-05 01:15:38] year_month 2025-03 projects=377
[2026-02-05 01:17:51] year_month 2025-04 projects=397
[2026-02-05 01:20:07] year_month 2025-05 projects=1244
[2026-02-05 01:28:09] year_month 2025-06 projects=426
[2026-02-05 01:30:35] year_month 2025-07 projects=506
[2026-02-05 01:33:27] year_month 2025-08 projects=489
[2026-02-05 01:36:12] year_month 2025-09 projects=522
[2026-02-05 01:39:42] year_month 2025-10 projects=557
[2026-02-05 01:42:51] year_month 2025-11 projects=484
[2026-02-05 01:45:37] year_month 2025-12 projects=520
[2026-02-05 01:48:35] count_year_done 2025 totals=359661
[2026-02-05 01:48:35] done
[2026-02-05 01:48:35] wrote_tsv path=/mnt/c/Users/yynk1/Desktop/thermo_reader/github/MetaXtract/workflow/pride_yearly_ms_filetype_counts_2000_2025.tsv
